projects/amazon-trend-analyzer/qb_chunks/page_458_skip458000.csv
ASIN Buyability Flag,asin_status,CVR%,revenue,asp,units,gv,Images #,Videos #,Has A+ Content,Buybox Winner,Average Rating,Number of Ratings,bb_price,Ad CTR%,Ad CVR%,bsr,brand,Ad CPC$,ASIN (Description),Update Type,Sold By Amazon,Has Coupon?,Has Store Link?,In Stock Today?,category,Sellable On Hand Units,asin,date,Ad Cost,Ad Sales,Ad Clicks,Ad Impressions,Ad Conversions
In Stock,ACTIVE,0.267,181.0,7.85,23.0,86.0,7.0,3.0,True,,4.2,9381.0,7.99,,,15.0,Clorox,,B0C5JS4RSN (Clorox Fraganzia - In-Wash Scent Booster Crystals - 2 x 18oz - Linen (Twin Pack of BBP29121)),[],True,False,False,True,Laundry,1456.0,B0C5JS4RSN,2025-06-12,,,,,
In Stock,ACTIVE,0.321,241.0,8.94,27.0,84.0,7.0,3.0,True,,4.2,9373.0,7.99,,,14.0,Clorox,,B0C5JS4RSN (Clorox Fraganzia - In-Wash Scent Booster Crystals - 2 x 18oz - Linen (Twin Pack of BBP29121)),[],True,False,False,True,Laundry,1492.0,B0C5JS4RSN,2025-06-11,,,,,
In Stock,ACTIVE,0.381,262.0,8.18,32.0,84.0,7.0,3.0,True,,4.2,9365.0,9.41,,,14.0,Clorox,,B0C5JS4RSN (Clorox Fraganzia - In-Wash Scent Booster Crystals - 2 x 18oz - Linen (Twin Pack of BBP29121)),[],True,False,False,True,Laundry,1511.0,B0C5JS4RSN,2025-06-10,,,,,
In Stock,ACTIVE,0.209,133.0,9.5,14.0,67.0,7.0,3.0,True,,4.2,9352.0,9.41,,,14.0,Clorox,,B0C5JS4RSN (Clorox Fraganzia - In-Wash Scent Booster Crystals - 2 x 18oz - Linen (Twin Pack of BBP29121)),[],True,False,False,True,Laundry,1522.0,B0C5JS4RSN,2025-06-09,,,,,
In Stock,ACTIVE,0.113,104.0,9.47,11.0,97.0,7.0,4.0,True,,4.2,9342.0,9.41,,,14.0,Clorox,,B0C5JS4RSN (Clorox Fraganzia - In-Wash Scent Booster Crystals - 2 x 18oz - Linen (Twin Pack of BBP29121)),[],True,False,False,True,Laundry,1540.0,B0C5JS4RSN,2025-06-08,,,,,
In Stock,ACTIVE,0.049,50.0,10.03,5.0,102.0,7.0,4.0,True,,4.2,9330.0,9.41,,,14.0,Clorox,,B0C5JS4RSN (Clorox Fraganzia - In-Wash Scent Booster Crystals - 2 x 18oz - Linen (Twin Pack of BBP29121)),[],True,False,False,True,Laundry,1555.0,B0C5JS4RSN,2025-06-07,,,,,
In Stock,ACTIVE,0.085,66.0,9.41,7.0,82.0,7.0,4.0,True,,4.2,9323.0,9.41,,,13.0,Clorox,,B0C5JS4RSN (Clorox Fraganzia - In-Wash Scent Booster Crystals - 2 x 18oz - Linen (Twin Pack of BBP29121)),[],True,False,False,True,Laundry,1563.0,B0C5JS4RSN,2025-06-06,,,,,
In Stock,ACTIVE,0.276,188.0,8.94,21.0,76.0,7.0,4.0,True,,4.2,9316.0,8.79,,,13.0,Clorox,,B0C5JS4RSN (Clorox Fraganzia - In-Wash Scent Booster Crystals - 2 x 18oz - Linen (Twin Pack of BBP29121)),[],True,False,False,True,Laundry,1585.0,B0C5JS4RSN,2025-06-05,,,,,
In Stock,ACTIVE,0.179,220.0,8.79,25.0,140.0,7.0,4.0,True,,4.2,9309.0,8.79,,,14.0,Clorox,,B0C5JS4RSN (Clorox Fraganzia - In-Wash Scent Booster Crystals - 2 x 18oz - Linen (Twin Pack of BBP29121)),[],True,False,False,True,Laundry,1584.0,B0C5JS4RSN,2025-06-04,,,,,
In Stock,ACTIVE,0.133,149.0,8.79,17.0,128.0,7.0,4.0,True,,4.2,9303.0,8.79,,,13.0,Clorox,,B0C5JS4RSN (Clorox Fraganzia - In-Wash Scent Booster Crystals - 2 x 18oz - Linen (Twin Pack of BBP29121)),[],True,False,False,True,Laundry,1617.0,B0C5JS4RSN,2025-06-03,,,,,
In Stock,ACTIVE,0.25,229.0,8.79,26.0,104.0,7.0,4.0,True,,4.2,9294.0,8.79,,,12.0,Clorox,,B0C5JS4RSN (Clorox Fraganzia - In-Wash Scent Booster Crystals - 2 x 18oz - Linen (Twin Pack of BBP29121)),[],True,False,False,True,Laundry,1648.0,B0C5JS4RSN,2025-06-02,,,,,
In Stock,ACTIVE,0.202,299.0,8.79,34.0,168.0,7.0,4.0,True,,4.2,9288.0,8.79,,,12.0,Clorox,,B0C5JS4RSN (Clorox Fraganzia - In-Wash Scent Booster Crystals - 2 x 18oz - Linen (Twin Pack of BBP29121)),[],True,False,False,True,Laundry,1662.0,B0C5JS4RSN,2025-06-01,,,,,
In Stock,ACTIVE,0.05599999999999999,53.0,8.79,6.0,108.0,7.0,4.0,True,,4.2,9275.0,8.79,,,10.0,Clorox,,B0C5JS4RSN (Clorox Fraganzia - In-Wash Scent Booster Crystals - 2 x 18oz - Linen (Twin Pack of BBP29121)),[],True,False,False,True,Laundry,1690.0,B0C5JS4RSN,2025-05-31,,,,,
In Stock,ACTIVE,0.068,88.0,8.79,10.0,148.0,7.0,4.0,True,,4.2,9264.0,8.79,,,8.0,Clorox,,B0C5JS4RSN (Clorox Fraganzia - In-Wash Scent Booster Crystals - 2 x 18oz - Linen (Twin Pack of BBP29121)),[],True,False,False,True,Laundry,1679.0,B0C5JS4RSN,2025-05-30,,,,,
In Stock,ACTIVE,0.1,185.0,8.79,21.0,210.0,7.0,4.0,True,,4.2,9257.0,8.79,,,11.0,Clorox,,B0C5JS4RSN (Clorox Fraganzia - In-Wash Scent Booster Crystals - 2 x 18oz - Linen (Twin Pack of BBP29121)),[],True,False,False,True,Laundry,1722.0,B0C5JS4RSN,2025-05-29,,,,,
In Stock,ACTIVE,0.173,712.0,8.79,81.0,467.0,7.0,4.0,True,,4.2,9250.0,8.79,,,14.0,Clorox,,B0C5JS4RSN (Clorox Fraganzia - In-Wash Scent Booster Crystals - 2 x 18oz - Linen (Twin Pack of BBP29121)),[],True,False,False,True,Laundry,1754.0,B0C5JS4RSN,2025-05-28,,,,,
In Stock,ACTIVE,0.142,483.0,8.79,55.0,387.0,7.0,4.0,True,,4.2,9244.0,8.79,,,14.0,Clorox,,B0C5JS4RSN (Clorox Fraganzia - In-Wash Scent Booster Crystals - 2 x 18oz - Linen (Twin Pack of BBP29121)),[],True,False,False,True,Laundry,1762.0,B0C5JS4RSN,2025-05-27,,,,,
In Stock,ACTIVE,0.232,229.0,8.79,26.0,112.0,7.0,4.0,True,,4.2,9237.0,8.79,,,14.0,Clorox,,B0C5JS4RSN (Clorox Fraganzia - In-Wash Scent Booster Crystals - 2 x 18oz - Linen (Twin Pack of BBP29121)),[],True,False,False,True,Laundry,1786.0,B0C5JS4RSN,2025-05-26,,,,,
In Stock,ACTIVE,0.205,141.0,8.79,16.0,78.0,7.0,4.0,True,,4.2,9231.0,8.79,,,14.0,Clorox,,B0C5JS4RSN (Clorox Fraganzia - In-Wash Scent Booster Crystals - 2 x 18oz - Linen (Twin Pack of BBP29121)),[],True,False,False,True,Laundry,1785.0,B0C5JS4RSN,2025-05-25,,,,,
In Stock,ACTIVE,0.267,202.0,8.79,23.0,86.0,7.0,4.0,True,,4.2,9225.0,8.79,,,15.0,Clorox,,B0C5JS4RSN (Clorox Fraganzia - In-Wash Scent Booster Crystals - 2 x 18oz - Linen (Twin Pack of BBP29121)),[],True,False,False,True,Laundry,1762.0,B0C5JS4RSN,2025-05-24,,,,,
In Stock,ACTIVE,0.278,193.0,8.79,22.0,79.0,7.0,4.0,True,,4.2,9217.0,8.79,,,15.0,Clorox,,B0C5JS4RSN (Clorox Fraganzia - In-Wash Scent Booster Crystals - 2 x 18oz - Linen (Twin Pack of BBP29121)),[],True,False,False,True,Laundry,1760.0,B0C5JS4RSN,2025-05-23,,,,,
In Stock,ACTIVE,0.253,176.0,8.79,20.0,79.0,7.0,3.0,True,,4.2,9207.0,8.79,,,14.0,Clorox,,B0C5JS4RSN (Clorox Fraganzia - In-Wash Scent Booster Crystals - 2 x 18oz - Linen (Twin Pack of BBP29121)),[],True,False,False,True,Laundry,1790.0,B0C5JS4RSN,2025-05-22,,,,,
In Stock,ACTIVE,0.267,176.0,8.79,20.0,75.0,7.0,4.0,True,,4.2,9202.0,8.79,,,15.0,Clorox,,B0C5JS4RSN (Clorox Fraganzia - In-Wash Scent Booster Crystals - 2 x 18oz - Linen (Twin Pack of BBP29121)),[],True,False,False,True,Laundry,1785.0,B0C5JS4RSN,2025-05-21,,,,,
In Stock,ACTIVE,0.219,220.0,8.79,25.0,114.0,7.0,4.0,True,,4.2,9192.0,8.79,,,14.0,Clorox,,B0C5JS4RSN (Clorox Fraganzia - In-Wash Scent Booster Crystals - 2 x 18oz - Linen (Twin Pack of BBP29121)),[],True,False,False,True,Laundry,1752.0,B0C5JS4RSN,2025-05-20,,,,,
In Stock,ACTIVE,0.118,88.0,8.79,10.0,85.0,7.0,4.0,True,,4.2,9182.0,8.79,,,13.0,Clorox,,B0C5JS4RSN (Clorox Fraganzia - In-Wash Scent Booster Crystals - 2 x 18oz - Linen (Twin Pack of BBP29121)),[],True,False,False,True,Laundry,1786.0,B0C5JS4RSN,2025-05-19,,,,,
In Stock,ACTIVE,0.207,220.0,8.79,25.0,121.0,7.0,4.0,True,,4.2,9171.0,8.79,,,13.0,Clorox,,B0C5JS4RSN (Clorox Fraganzia - In-Wash Scent Booster Crystals - 2 x 18oz - Linen (Twin Pack of BBP29121)),[],True,False,False,True,Laundry,1820.0,B0C5JS4RSN,2025-05-18,,,,,
In Stock,ACTIVE,0.214,189.0,9.01,21.0,98.0,7.0,4.0,True,,4.2,9163.0,8.79,,,13.0,Clorox,,B0C5JS4RSN (Clorox Fraganzia - In-Wash Scent Booster Crystals - 2 x 18oz - Linen (Twin Pack of BBP29121)),[],True,False,False,True,Laundry,1772.0,B0C5JS4RSN,2025-05-17,,,,,
In Stock,ACTIVE,0.184,141.0,8.79,16.0,87.0,7.0,4.0,True,,4.2,9149.0,8.79,,,13.0,Clorox,,B0C5JS4RSN (Clorox Fraganzia - In-Wash Scent Booster Crystals - 2 x 18oz - Linen (Twin Pack of BBP29121)),[],True,False,False,True,Laundry,1793.0,B0C5JS4RSN,2025-05-16,,,,,
In Stock,ACTIVE,0.125,123.0,8.79,14.0,112.0,7.0,4.0,True,,4.2,9141.0,8.79,,,14.0,Clorox,,B0C5JS4RSN (Clorox Fraganzia - In-Wash Scent Booster Crystals - 2 x 18oz - Linen (Twin Pack of BBP29121)),[],True,False,False,True,Laundry,1816.0,B0C5JS4RSN,2025-05-15,,,,,
In Stock,ACTIVE,0.105,98.0,8.94,11.0,105.0,7.0,4.0,True,,4.2,9130.0,8.79,,,14.0,Clorox,,B0C5JS4RSN (Clorox Fraganzia - In-Wash Scent Booster Crystals - 2 x 18oz - Linen (Twin Pack of BBP29121)),[],True,False,False,True,Laundry,1811.0,B0C5JS4RSN,2025-05-14,,,,,
In Stock,ACTIVE,0.145,149.0,8.79,17.0,117.0,7.0,4.0,True,,4.2,9125.0,8.79,,,14.0,Clorox,,B0C5JS4RSN (Clorox Fraganzia - In-Wash Scent Booster Crystals - 2 x 18oz - Linen (Twin Pack of BBP29121)),[],True,False,False,True,Laundry,1814.0,B0C5JS4RSN,2025-05-13,,,,,
In Stock,ACTIVE,0.098,106.0,8.86,12.0,123.0,7.0,4.0,True,,4.2,9116.0,8.79,,,13.0,Clorox,,B0C5JS4RSN (Clorox Fraganzia - In-Wash Scent Booster Crystals - 2 x 18oz - Linen (Twin Pack of BBP29121)),[],True,False,False,True,Laundry,1818.0,B0C5JS4RSN,2025-05-12,,,,,
In Stock,ACTIVE,0.258,211.0,8.79,24.0,93.0,7.0,4.0,True,,4.2,9108.0,8.79,,,13.0,Clorox,,B0C5JS4RSN (Clorox Fraganzia - In-Wash Scent Booster Crystals - 2 x 18oz - Linen (Twin Pack of BBP29121)),[],True,False,False,True,Laundry,1807.0,B0C5JS4RSN,2025-05-11,,,,,
In Stock,ACTIVE,0.202,211.0,8.79,24.0,119.0,7.0,4.0,True,,4.2,9101.0,8.79,,,13.0,Clorox,,B0C5JS4RSN (Clorox Fraganzia - In-Wash Scent Booster Crystals - 2 x 18oz - Linen (Twin Pack of BBP29121)),[],True,False,False,True,Laundry,1807.0,B0C5JS4RSN,2025-05-10,,,,,
In Stock,ACTIVE,0.256,194.0,8.83,22.0,86.0,7.0,4.0,True,,4.2,9096.0,8.79,,,14.0,Clorox,,B0C5JS4RSN (Clorox Fraganzia - In-Wash Scent Booster Crystals - 2 x 18oz - Linen (Twin Pack of BBP29121)),[],True,False,False,True,Laundry,1865.0,B0C5JS4RSN,2025-05-09,,,,,
In Stock,ACTIVE,0.221,151.0,8.88,17.0,77.0,7.0,3.0,True,,4.2,9084.0,8.79,,,14.0,Clorox,,B0C5JS4RSN (Clorox Fraganzia - In-Wash Scent Booster Crystals - 2 x 18oz - Linen (Twin Pack of BBP29121)),[],True,False,False,True,Laundry,1846.0,B0C5JS4RSN,2025-05-08,,,,,
