projects/amazon-trend-analyzer/qb_chunks/page_458_skip458000.csv
ASIN Buyability Flag,asin_status,CVR%,revenue,asp,units,gv,Images #,Videos #,Has A+ Content,Buybox Winner,Average Rating,Number of Ratings,bb_price,Ad CTR%,Ad CVR%,bsr,brand,Ad CPC$,ASIN (Description),Update Type,Sold By Amazon,Has Coupon?,Has Store Link?,In Stock Today?,category,Sellable On Hand Units,asin,date,Ad Cost,Ad Sales,Ad Clicks,Ad Impressions,Ad Conversions
In Stock,ACTIVE,,,,,,6.0,0.0,True,,4.3,11965.0,11.14,0.0,,19.0,Clorox,,B0C5JSLPZN (Clorox Fraganzia - In-Wash Scent Booster Crystals - 70oz - Linen),[],True,False,True,True,Laundry,,B0C5JSLPZN,2026-05-15,0.0,0.0,0.0,215.0,0.0
In Stock,ACTIVE,,188.0,11.05,17.0,,6.0,0.0,True,,4.3,11964.0,10.83,0.0,,19.0,Clorox,,B0C5JSLPZN (Clorox Fraganzia - In-Wash Scent Booster Crystals - 70oz - Linen),[],True,False,True,True,Laundry,,B0C5JSLPZN,2026-05-14,0.0,0.0,0.0,359.0,0.0
In Stock,ACTIVE,,184.0,10.85,17.0,,6.0,0.0,True,,4.3,11963.0,10.81,0.004370629370629371,0.8,19.0,Clorox,5.125999999999999,B0C5JSLPZN (Clorox Fraganzia - In-Wash Scent Booster Crystals - 70oz - Linen),[],True,False,True,True,Laundry,,B0C5JSLPZN,2026-05-13,25.63,40.36,5.0,1144.0,4.0
In Stock,ACTIVE,,238.0,10.8,22.0,,6.0,0.0,True,,4.3,11957.0,10.81,0.007414272474513438,0.25,18.0,Clorox,5.135,B0C5JSLPZN (Clorox Fraganzia - In-Wash Scent Booster Crystals - 70oz - Linen),[],True,False,True,True,Laundry,,B0C5JSLPZN,2026-05-12,41.08,32.43,8.0,1079.0,2.0
In Stock,ACTIVE,0.167,86.0,10.79,8.0,48.0,6.0,0.0,True,,4.3,11952.0,10.8,0.007352941176470588,2.0,18.0,Clorox,0.08,B0C5JSLPZN (Clorox Fraganzia - In-Wash Scent Booster Crystals - 70oz - Linen),[],True,False,True,True,Laundry,970.0,B0C5JSLPZN,2026-05-11,0.08,21.42,1.0,136.0,2.0
In Stock,ACTIVE,0.08800000000000001,64.0,10.74,6.0,68.0,6.0,0.0,True,,4.3,11944.0,10.83,0.0,,18.0,Clorox,,B0C5JSLPZN (Clorox Fraganzia - In-Wash Scent Booster Crystals - 70oz - Linen),[],True,False,True,True,Laundry,854.0,B0C5JSLPZN,2026-05-10,0.0,0.0,0.0,138.0,0.0
In Stock,ACTIVE,0.136,130.0,10.84,12.0,88.0,6.0,0.0,True,,4.3,11930.0,10.85,0.005373936408419167,0.4166666666666667,18.0,Clorox,4.4225,B0C5JSLPZN (Clorox Fraganzia - In-Wash Scent Booster Crystals - 70oz - Linen),[],True,False,True,True,Laundry,881.0,B0C5JSLPZN,2026-05-08,53.07,68.05,12.0,2233.0,5.0
In Stock,ACTIVE,0.224,141.0,10.83,13.0,58.0,6.0,0.0,True,,4.3,11924.0,10.93,0.0,,17.0,Clorox,,B0C5JSLPZN (Clorox Fraganzia - In-Wash Scent Booster Crystals - 70oz - Linen),[],True,False,True,True,Laundry,884.0,B0C5JSLPZN,2026-05-07,0.0,0.0,0.0,207.0,0.0
In Stock,ACTIVE,0.473,284.0,10.93,26.0,55.0,6.0,0.0,True,,4.3,11919.0,10.99,0.0,,17.0,Clorox,,B0C5JSLPZN (Clorox Fraganzia - In-Wash Scent Booster Crystals - 70oz - Linen),[],True,False,True,True,Laundry,881.0,B0C5JSLPZN,2026-05-06,0.0,0.0,0.0,279.0,0.0
In Stock,ACTIVE,0.298,187.0,10.98,17.0,57.0,6.0,0.0,True,,4.3,11918.0,11.04,0.00154320987654321,0.0,16.0,Clorox,7.5,B0C5JSLPZN (Clorox Fraganzia - In-Wash Scent Booster Crystals - 70oz - Linen),[],True,False,True,True,Laundry,899.0,B0C5JSLPZN,2026-05-05,7.5,0.0,1.0,648.0,0.0
In Stock,ACTIVE,0.25,177.0,11.05,16.0,64.0,6.0,0.0,True,,4.3,11911.0,11.04,0.005555555555555556,0.0,16.0,Clorox,4.87,B0C5JSLPZN (Clorox Fraganzia - In-Wash Scent Booster Crystals - 70oz - Linen),[],True,False,True,True,Laundry,882.0,B0C5JSLPZN,2026-05-04,4.87,0.0,1.0,180.0,0.0
In Stock,ACTIVE,0.19,177.0,11.04,16.0,84.0,6.0,0.0,True,,4.3,11902.0,11.04,0.0,,17.0,Clorox,,B0C5JSLPZN (Clorox Fraganzia - In-Wash Scent Booster Crystals - 70oz - Linen),[],True,False,True,True,Laundry,967.0,B0C5JSLPZN,2026-05-03,0.0,0.0,0.0,390.0,0.0
In Stock,ACTIVE,0.151,155.0,11.04,14.0,93.0,6.0,0.0,True,,4.3,11891.0,11.05,0.004065040650406504,0.0,17.0,Clorox,7.5,B0C5JSLPZN (Clorox Fraganzia - In-Wash Scent Booster Crystals - 70oz - Linen),[],True,False,True,True,Laundry,918.0,B0C5JSLPZN,2026-05-02,7.5,0.0,1.0,246.0,0.0
In Stock,ACTIVE,0.246,155.0,11.06,14.0,57.0,6.0,0.0,True,,4.3,11888.0,11.05,0.001838235294117647,0.0,17.0,Clorox,1.16,B0C5JSLPZN (Clorox Fraganzia - In-Wash Scent Booster Crystals - 70oz - Linen),[],True,False,True,True,Laundry,924.0,B0C5JSLPZN,2026-05-01,1.16,0.0,1.0,544.0,0.0
In Stock,ACTIVE,0.355,243.0,11.05,22.0,62.0,6.0,0.0,True,,4.3,11883.0,11.04,0.004116920543433511,0.1,17.0,Clorox,5.961,B0C5JSLPZN (Clorox Fraganzia - In-Wash Scent Booster Crystals - 70oz - Linen),[],True,False,True,True,Laundry,989.0,B0C5JSLPZN,2026-04-30,59.61,11.39,10.0,2429.0,1.0
In Stock,ACTIVE,0.254,165.0,11.03,15.0,59.0,6.0,0.0,True,,4.3,11880.0,11.09,0.006787330316742082,0.3333333333333333,17.0,Clorox,5.321111111111112,B0C5JSLPZN (Clorox Fraganzia - In-Wash Scent Booster Crystals - 70oz - Linen),[],True,False,True,True,Laundry,934.0,B0C5JSLPZN,2026-04-29,47.89,34.15,9.0,1326.0,3.0
In Stock,ACTIVE,0.286,177.0,11.08,16.0,56.0,6.0,0.0,True,,4.3,11870.0,11.1,0.00138217000691085,0.5,17.0,Clorox,8.42,B0C5JSLPZN (Clorox Fraganzia - In-Wash Scent Booster Crystals - 70oz - Linen),[],True,False,True,True,Laundry,916.0,B0C5JSLPZN,2026-04-28,16.84,11.63,2.0,1447.0,1.0
In Stock,ACTIVE,0.518,321.0,11.07,29.0,56.0,6.0,0.0,True,,4.3,11867.0,11.09,0.002923976608187134,0.5,17.0,Clorox,2.225,B0C5JSLPZN (Clorox Fraganzia - In-Wash Scent Booster Crystals - 70oz - Linen),[],True,False,True,True,Laundry,913.0,B0C5JSLPZN,2026-04-27,4.45,22.2,2.0,684.0,1.0
In Stock,ACTIVE,0.193,178.0,11.1,16.0,83.0,6.0,0.0,True,,4.3,11860.0,11.09,0.005338078291814947,0.0,17.0,Clorox,3.983333333333333,B0C5JSLPZN (Clorox Fraganzia - In-Wash Scent Booster Crystals - 70oz - Linen),[],True,False,True,True,Laundry,923.0,B0C5JSLPZN,2026-04-26,11.95,0.0,3.0,562.0,0.0
In Stock,ACTIVE,0.222,155.0,11.05,14.0,63.0,6.0,0.0,True,,4.3,11852.0,11.07,0.002721088435374149,0.0,17.0,Clorox,5.555,B0C5JSLPZN (Clorox Fraganzia - In-Wash Scent Booster Crystals - 70oz - Linen),[],True,False,True,True,Laundry,916.0,B0C5JSLPZN,2026-04-25,11.11,0.0,2.0,735.0,0.0
In Stock,ACTIVE,0.411,254.0,11.06,23.0,56.0,6.0,0.0,True,,4.3,11843.0,11.05,0.004645760743321719,0.0,17.0,Clorox,5.03,B0C5JSLPZN (Clorox Fraganzia - In-Wash Scent Booster Crystals - 70oz - Linen),[],True,False,True,True,Laundry,938.0,B0C5JSLPZN,2026-04-24,20.12,0.0,4.0,861.0,0.0
In Stock,ACTIVE,0.294,165.0,11.02,15.0,51.0,6.0,0.0,True,,4.3,11834.0,10.97,0.005504587155963303,0.5,17.0,Clorox,5.043333333333334,B0C5JSLPZN (Clorox Fraganzia - In-Wash Scent Booster Crystals - 70oz - Linen),[],True,False,True,True,Laundry,937.0,B0C5JSLPZN,2026-04-23,30.26,32.88,6.0,1090.0,3.0
In Stock,ACTIVE,0.46,318.0,10.97,29.0,63.0,6.0,0.0,True,,4.3,11779.0,10.97,0.004849660523763337,0.0,17.0,Clorox,6.1,B0C5JSLPZN (Clorox Fraganzia - In-Wash Scent Booster Crystals - 70oz - Linen),[],True,False,True,True,Laundry,953.0,B0C5JSLPZN,2026-04-22,30.5,0.0,5.0,1031.0,0.0
In Stock,ACTIVE,0.347,186.0,10.95,17.0,49.0,6.0,0.0,True,,4.3,11779.0,10.95,0.004561003420752566,0.25,17.0,Clorox,4.6525,B0C5JSLPZN (Clorox Fraganzia - In-Wash Scent Booster Crystals - 70oz - Linen),[],True,False,True,True,Laundry,1541.0,B0C5JSLPZN,2026-04-21,18.61,10.99,4.0,877.0,1.0
In Stock,ACTIVE,0.39,252.0,10.94,23.0,59.0,6.0,0.0,True,,4.3,11778.0,10.94,0.0056657223796034,0.5,17.0,Clorox,5.5875,B0C5JSLPZN (Clorox Fraganzia - In-Wash Scent Booster Crystals - 70oz - Linen),[],True,False,True,True,Laundry,1554.0,B0C5JSLPZN,2026-04-20,22.35,21.47,4.0,706.0,2.0
In Stock,ACTIVE,0.265,241.0,10.93,22.0,83.0,6.0,0.0,True,,4.3,11778.0,10.94,0.004574042309891366,0.0,17.0,Clorox,4.30375,B0C5JSLPZN (Clorox Fraganzia - In-Wash Scent Booster Crystals - 70oz - Linen),[],True,False,True,True,Laundry,1583.0,B0C5JSLPZN,2026-04-19,34.43,0.0,8.0,1749.0,0.0
In Stock,ACTIVE,0.6,296.0,10.95,27.0,45.0,0.0,0.0,True,,4.3,11779.0,10.96,0.004601226993865031,0.0,17.0,Clorox,3.453333333333333,B0C5JSLPZN (Clorox Fraganzia - In-Wash Scent Booster Crystals - 70oz - Linen),[],True,False,True,True,Laundry,1084.0,B0C5JSLPZN,2026-04-17,10.36,0.0,3.0,652.0,0.0
In Stock,ACTIVE,0.3,164.0,10.96,15.0,50.0,6.0,0.0,True,,4.3,11778.0,10.96,0.0078125,0.3333333333333333,17.0,Clorox,1.596666666666667,B0C5JSLPZN (Clorox Fraganzia - In-Wash Scent Booster Crystals - 70oz - Linen),[],True,False,True,True,Laundry,1083.0,B0C5JSLPZN,2026-04-16,4.79,21.92,3.0,384.0,1.0
In Stock,ACTIVE,0.189,152.0,10.88,14.0,74.0,6.0,0.0,True,,4.3,11778.0,10.92,0.003240178209801539,0.0,17.0,Clorox,5.835,B0C5JSLPZN (Clorox Fraganzia - In-Wash Scent Booster Crystals - 70oz - Linen),[],True,False,True,True,Laundry,1071.0,B0C5JSLPZN,2026-04-15,46.68,0.0,8.0,2469.0,0.0
In Stock,ACTIVE,0.3,163.0,10.89,15.0,50.0,6.0,0.0,True,,4.3,11777.0,10.92,0.003561887800534283,0.0,17.0,Clorox,7.245,B0C5JSLPZN (Clorox Fraganzia - In-Wash Scent Booster Crystals - 70oz - Linen),[],True,False,True,True,Laundry,1124.0,B0C5JSLPZN,2026-04-14,28.98,0.0,4.0,1123.0,0.0
In Stock,ACTIVE,0.262,186.0,10.93,17.0,65.0,6.0,0.0,True,,4.3,11773.0,10.93,0.004243281471004243,0.0,17.0,Clorox,5.276666666666666,B0C5JSLPZN (Clorox Fraganzia - In-Wash Scent Booster Crystals - 70oz - Linen),[],True,False,True,True,Laundry,1008.0,B0C5JSLPZN,2026-04-13,15.83,0.0,3.0,707.0,0.0
In Stock,ACTIVE,0.45,294.0,10.9,27.0,60.0,6.0,0.0,True,,4.3,11769.0,10.93,0.004373177842565598,0.0,16.0,Clorox,7.486666666666667,B0C5JSLPZN (Clorox Fraganzia - In-Wash Scent Booster Crystals - 70oz - Linen),[],True,False,True,True,Laundry,941.0,B0C5JSLPZN,2026-04-12,22.46,0.0,3.0,686.0,0.0
In Stock,ACTIVE,0.395,327.0,10.91,30.0,76.0,6.0,0.0,True,,4.3,11760.0,10.92,0.01039861351819757,0.0,16.0,Clorox,6.823333333333333,B0C5JSLPZN (Clorox Fraganzia - In-Wash Scent Booster Crystals - 70oz - Linen),[],True,False,True,True,Laundry,0.0,B0C5JSLPZN,2026-04-11,40.94,0.0,6.0,577.0,0.0
